[    0.000000] Initializing cgroup subsys cpuset
[    0.000000] Initializing cgroup subsys cpu
[    0.000000] Initializing cgroup subsys cpuacct
[    0.000000] Linux version 4.4.0-139-generic (buildd@lcy01-amd64-006) (gcc version 5.4.0 20160609 (Ubuntu 5.4.0-6ubuntu1~16.04.10) ) #165-Ubuntu SMP Wed Oct 24 10:58:50 UTC 2018 (Ubuntu 4.4.0-139.165-generic 4.4.160)
[    0.000000] Command line: BOOT_IMAGE=/boot/vmlinuz-4.4.0-139-generic root=LABEL=cloudimg-rootfs ro console=tty1 console=ttyS0
[    0.000000] KERNEL supported cpus:
[    0.000000]   Intel GenuineIntel
[    0.000000]   AMD AuthenticAMD
[    0.000000]   Centaur CentaurHauls
[    0.000000] x86/fpu: xstate_offset[2]:  576, xstate_sizes[2]:  256
[    0.000000] x86/fpu: Supporting XSAVE feature 0x01: 'x87 floating point registers'
[    0.000000] x86/fpu: Supporting XSAVE feature 0x02: 'SSE registers'
[    0.000000] x86/fpu: Supporting XSAVE feature 0x04: 'AVX registers'
[    0.000000] x86/fpu: Enabled xstate features 0x7, context size is 832 bytes, using 'standard' format.
[    0.000000] e820: BIOS-provided physical RAM map:
[    0.000000] BIOS-e820: [mem 0x0000000000000000-0x000000000009fbff] usable
[    0.000000] BIOS-e820: [mem 0x000000000009fc00-0x000000000009ffff] reserved
[    0.000000] BIOS-e820: [mem 0x00000000000f0000-0x00000000000fffff] reserved
[    0.000000] BIOS-e820: [mem 0x0000000000100000-0x000000001ffeffff] usable
[    0.000000] BIOS-e820: [mem 0x000000001fff0000-0x000000001fffffff] ACPI data
[    0.000000] BIOS-e820: [mem 0x00000000fec00000-0x00000000fec00fff] reserved
[    0.000000] BIOS-e820: [mem 0x00000000fee00000-0x00000000fee00fff  reserved
[    0.000000] BIOS-e820: [mem 0x00000000fffc0000-0x00000000ffffffff] reserved
[    0.000000] NX (Execute Disable) protection: active
[    0.000000] SMBIOS 2.5 present.
[    0.000000] Hypervisor detected: KVM
[    0.000000] e820: last_pfn = 0x1fff0 max_arch_pfn = 0x400000000
[    0.000000] MTRR: Disabled
[    0.000000] x86/PAT: MTRRs disabled, skipping PAT initialization too.
[    0.000000] CPU MTRRs all blank - virtualized system.
[    0.000000] x86/PAT: Configuration [0-7]: WB  WT  UC- UC  WB  WT  UC- UC  
[    0.000000] found SMP MP-table at [mem 0x0009fff0-0x0009ffff] mapped at [ffff88000009fff0]
[    0.000000] Scanning 1 areas for low memory corruption
[    0.000000] RAMDISK: [mem 0x1e8c5000-0x1f738fff]
[    0.000000] ACPI: Early table checksum verification disabled
[    0.000000] ACPI: RSDP 0x00000000000E0000 000024 (v02 VBOX  )
[    0.000000] ACPI: XSDT 0x000000001FFF0030 00003C (v01 VBOX   VBOXXSDT 00000001 ASL  00000061)
[    0.000000] ACPI: FACP 0x000000001FFF00F0 0000F4 (v04 VBOX   VBOXFACP 00000001 ASL  00000061)
[    0.000000] ACPI: DSDT 0x000000001FFF0470 0021FF (v02 VBOX   VBOXBIOS 00000002 INTL 20100528)
[    0.000000] ACPI: FACS 0x000000001FFF0200 000040
[    0.000000] ACPI: FACS 0x000000001FFF0200 000040
[    0.000000] ACPI: APIC 0x000000001FFF0240 000054 (v02 VBOX   VBOXAPIC 00000001 ASL  00000061)
[    0.000000] ACPI: SSDT 0x000000001FFF02A0 0001CC (v01 VBOX   VBOXCPUT 00000002 INTL 20100528)
[    0.000000] No NUMA configuration found
[    0.000000] Faking a node at [mem 0x0000000000000000-0x000000001ffeffff]
[    0.000000] NODE_DATA(0) allocated [mem 0x1ffeb000-0x1ffeffff]
[    0.000000] kvm-clock: Using msrs 4b564d01 and 4b564d00
[    0.000000] kvm-clock: cpu 0, msr 0:1ffe3001, primary cpu clock
[    0.000000] kvm-clock: using sched offset of 3909882030 cycles
[    0.000000] clocksource: kvm-clock: mask: 0xffffffffffffffff max_cycles: 0x1cd42e4dffb, max_idle_ns: 881590591483 ns
[    0.000000] Zone ranges:
[    0.000000]   DMA      [mem 0x0000000000001000-0x0000000000ffffff]
[    0.000000]   DMA32    [mem 0x0000000001000000-0x000000001ffeffff]
[    0.000000]   Normal   empty
[    0.000000]   Device   empty
[    0.000000] Movable zone start for each node
[   00.000000] Early memory node ranges
[    0.000000]   node   0: [mem 0x0000000000001000-0x000000000009efff]
[    0.000000]   node   0: [mem 0x0000000000100000-0x000000001ffeffff]
[    0.000000] Initmem setup node 0 [mem 0x0000000000001000-0x000000001ffeffff]
[    0.000000] ACPI: PM-Timer IO Port: 0x4008
[    0.000000] IOAPIC[0]: apic_id 1, version 32, address 0xfec00000, GSI 0-23
[    0.000000] ACPI: INT_SRC_OVR (bus 0 bus_irq 0 global_irq 2 dfl dfl)
[    0.000000] ACPI: INT_SRC_OVR (bus 0 bus_irq 9 global_irq 9 low level)
[    0.000000] Using ACPI (MADT  for SMP configuration information
[    0.000000] smpboot: Allowing 1 CPUs, 0 hotplug CPUs
[    0.000000] PM: Registered nosave memory: [mem 0x00000000-0x00000fff]
[    0.000000] PM: Registered nosave memory: [mem 0x0009f000-0x0009ffff]
[    0.000000] PM: Registered nosave memory: [mem 0x000a0000-0x000effff]
[    0.000000] PM: Registered nosave memory: [mem 0x000f0000-0x000fffff]
[    0.000000] e820: [mem 0x20000000-0xfebfffff] available for PCI devices
[    0.000000] Booting paravirtualized kernel on KVM
[    0.000000] clocksource: refined-jiffies: mask: 0xffffffff max_cycles: 0xffffffff, max_idle_ns: 7645519600211568 ns
[    0.000000] setup_percpu: NR_CPUS:512 nr_cpumask_bits:512 nr_cpu_ids:1 nr_node_ids:1
[    0.000000] PERCPU: Embedded 34 pages/cpu @ffff88001fc00000 s99608 r8192 d31464 u2097152
[    0.000000] PV qspinlock hash table entries: 256 (order: 0, 4096 bytes)
[    0.000000] Built 1 zonelists in Node order, mobility grouping on.  Total pages: 128888
[    0.000000] Policy zone: DMA32
[    0.000000] Kernel command line: BOOT_IMAGE=/boot/vmlinuz-4.4.0-139-generic root=LABEL=cloudimg-rootfs ro console=tty1 console=ttyS0
[    0.000000] PID hash table entries: 2048 (order: 2, 16384 bytes)
[    0.000000] Memor:: 481760K/523832K available (8564K kernel code, 1314K rwdata, 4004K rodata, 1528K init, 1316K bss, 42072K reserved, 0K cma-reserved)
[    0.000000] SLUB: HWalign=64, Order=0-3, MinObjects=0, CPUs=1, Nodes=1
[    0.000000] Kernel/User page tables isolation: enabled
[    0.000000] Hierarchical RCU implementation.
[    0.000000] 	Build-time adjustment of leaf fanout to 64.
[    0.000000] 	RCU restricting CPUs from NR_CPUS=512 to nr_cpu_ids=1.
[    0.000000] RCU: Adjusting geometry for rcu_fanout_leaf=64, nr_cpu_ids=1
[    0.000000] NR_IRQS:33024 nr_irqs:256 16
[    0.000000] Console: colour VGA+ 80x25
[    0.000000] console [tty1] enabled
[    0.000000] console [ttyS0] enabled
[    0.000000] tsc: Detected 3099.998 MHz processor
[    0.971750] Calibrtting delay loop (skipped) preset value.. 6199.99 BogoMIPS (lpj=12399992)
[    1.014299] pid_max: default: 32768 minimum: 301
[    1.020101] ACPI: Core revision 20150930
[    1.030591] ACPI: 2 ACPI AML tables successfully acquired and loaded
[    1.061691] Security Framework initialized
[    1.062954] Yama: becoming mindful.
[    1.064034] AppArmor: AppArmor initialized
[    1.065342] Dentry cache hash table entries: 65536 (order: 7, 524288 bytes)
[    1.067341] Inode-cache hash table entries: 32768 (order: 6, 262144 bytes)
[    1.088733] Mount-cache hash table entries: 1024 (order: 1, 8192 bytes)
[    1.104177] Mountpoint-cache hash table entries: 1024 (order: 1, 8192 bytes)
[    1.130894] Initializing cgroup subsys io
[    1.139905] Initializing cgroup subsys memory
[    1.160631] Initializing cgroup subsys devices
[    1.198118] Initializing cgroup subsys freezer
[    1.199498] Initializing cgroup subsys net_cls
[    1.200796] Initializing cgroup subsys perf_event
[    1.234168] Initializing cgroup subsys net_prio
[    1.236760] Initializing cgroup subsys hugetlb
[    1.267743] Initializing cgroup subsys pids
[    1.274782] mce: CPU supports 0 MCE banks
[    1.285332] process: using mwait in idle threads
[    1.287237] Last level iTLB entries: 4KB 64, 2MB 8, 4MB 8
[    1.309004] Last level dTLB entries: 4KB 64, 2MB 0, 4MB 0, 1GB 4
[    1.320120] Spectre V2 : Mitigation: Full generic retpoline
[    1.330105] Spectre V2 : Spectre v2 mitigation: Speculation control IBPB not-supported IBRS not-supported
[    1.390529] Spectre V2 : Spectre v2 / SpectreRSB mitigation: Filling RSB on context switch
[    1.400356] Speculative Store Bypass: Vulnerable
[    1.432331] Freeing SMP alternatives memory: 32K
[    1.443082] ftrace: allocating 32278 entries in 127 pages
[    1.532339] smpboot: APIC(0) Converting physical 0 to logical package 0
[    1.560452] smpboot: Max logical packages: 1
[    1.565222] x2apic enabled
[    1.576747] Switched APIC routing to physical x2apic.
[    1.593074] ..TIMER: vector=0x30 apic1=0 pin1=2 apic2=-1 pin2=-1
[    1.698934] smpboot: CPU0: Intel(R) Core(TM) i7-5557U CPU @ 3.10GHz (family: 0x6, model: 0x3d, stepping: 0x4)
[    1.739632] Performance Events: unsupported p6 CPU model 61 no PMU driver, software events only.
[    1.758051] KVM setup paravirtual spinlock
[    1.770637] x86: Booted up 1 node, 1 CPUs
[    1.774985] smpboot: Total of 1 processors activated (6199.99 BogoMIPS)
[    1.777151] devtmpfs: initialized
[    1.779337] evm: security.selinux
[    1.780498] evm: security.SMACK64
[    1.788305] evm: security.SMACK64EXEC
[    1.810029] evm: security.SMACK64TRANSMUTE
[    1.819961] evm: security.SMACK64MMAP
[    1.828672] evm: security.ima
[    1.829830] evm: security.capability
[    1.848661] clocksource: jiffies: mask: 0xffffffff max_cycles: 0xffffffff, max_idle_ns: 7645041785100000 ns
[    1.861923] futex hash table entries: 256 (order: 2, 16384 bytes)
[    1.865905] pinctrl core: initialized pinctrl subsystem
[    1.873000] RTC time:  0:41:55, date: 11/21/18
[    1.875783] NET: Registered protocol family 16
[    1.880775] cpuidle: using governor ladder
[    1.884842] cpuidle: using governor menu
[    1.892749] PCCT header not found.
[    1.894983] ACPI: bus type PCI registered
[    1.897797] acpiphp: ACPI Hot Plug PCI Controller Driver version: 0.5
[    1.908508] PCI: Using configuration type 1 for base access
[    1.916921] ACPI: Added _OSI(Module Device)
[    1.920982] ACPI: Added _OSI(Processor Device)
[    1.923777] ACPI: Added _OSI(3.0 _SCP Extensions)
[    1.926005] ACPI: Added _OSI(Processor Aggregator Device)
[    1.932523] ACPI: Executed 1 blocks of module-level executable AML code
[    1.963744] ACPI: Interpreter enabled
[    1.967481] ACPI: (supports S0 S5)
[    1.974278] ACPI: Using IOAPIC for interrupt routing
[    2.018627] PCI: Using host bridge windows from ACPI; if necessary, use "pci=nocrs" and report a bug
[    2.087372] ACPI: PCI Root Bridge [PCI0] (domain 0000 [bus 00-ff])
[    2.101520] acpi PNP0A03:00: _OSC: OS supports [ASPM ClockPM Segments MSI]
[    2.105174] acpi PNP0A03:00: _OSC: not requesting OS control; OS requires [ExtendedConfig ASPM ClockPM MSI]
[    2.108348] acpi PNP0A03:00: fail to add MMCONFIG information, can't access extended PCI configuration space under this bridge.
[    2.111982] PCI host bridge to bus 0000:00
[    2.118318] pci_bus 0000:00: root bus resource [io  0x0000-0x0cf7 window]
[    2.120576] pci_bus 0000:00: root bus resource [io  0x0d00-0xffff window]
[    2.132282] pci_bus 0000:00: root bus resource [mem 0x000a0000-0x000bffff window]
[    2.144883] pci_bus 0000:00: root bus resource [mem 0x20000000-0xfdffffff window]
[    2.147846] pci_bus 0000:00: root bus resource [bus 00-ff]
[    2.167111] pci 0000:00:01.1: legacy IDE quirk: reg 0x10: [io  0x01f0-0x01f7]
[    2.173670] pci 0000:00:01.1: legacy IDE quirk: reg 0x14: [io  0x03f6]
[    2.181708] pci 0000:00:01.1: legacy IDE quirk: reg 0x18: [io  0x0170-0x0177]
[    2.183747] pci 0000:00:01.1: legacy IDE quirk: reg 0x1c: [io  0x0376]
[    2.200401] pci 0000:00:07.0: quirk: [io  0x4000-0x403f] claimed by PIIX4 ACPI
[    2.213592] pci 0000:00:07.0: quirk: [io  0x4100-0x410f] claimed by PIIX4 SMB
[    2.244681] ACPI: PCI Interrupt Link [LNKA] (IRQs 5 9 10 *11)
[    2.252607] ACPI: PCI Interrupt Link [LNKB] (IRQs 5 9 *10 11)
[    2.266383] ACPI: PCI Interrupt Link [LNKC] (IRQs 5 *9 10 11)
[    2.270299] ACPI: PCI Interrupt Link [LNKD] (IRQs 5 9 10 *11)
[    2.279759] ACPI: Enabled 2 GPEs in block 00 to 07
[    2.288287] vgaarb: setting as boot device: PCI:0000:00:02.0
[    2.297145] vgaarb: device added: PCI:0000:00:02.0,decodes=io+mem,owns=io+mem,locks=none
[    2.306452] vgaarb: loaded
[    2.313873] vgaarb: bridge control possible 0000:00:02.0
[    2.315670] SCSI subsystem initialized
[    2.316888] ACPI: bus type USB registered
[    2.318429] usbcore: registered new interface driver usbfs
[    2.320516] usbcore: registered new interface driver hub
[    2.322084] usbcore: registered new device driver usb
[    2.323861] PCI: Using ACPI for IRQ routing
[    2.326957] NetLabel: Initializing
[    2.328057] NetLabel:  domain hash size = 128
[    2.329374] NetLabel:  protocols = UNLABELED CIPSOv4
[    2.333200] NetLabel:  unlabeled traffic allowed by default
[    2.337289] amd_nb: Cannot enumerate AMD northbridges
[    2.341769] clocksource: Switched to clocksource kvm-clock
[    2.364911] AppArmor: AppArmor Filesystem Enabled
[    2.370251] pnp: PnP ACPI init
[    2.376366] pnp: PnP ACPI: found 3 devices
[    2.388368] clocksource: acpi_pm: mask: 0xffffff max_cycles: 0xffffff, max_idle_ns: 2085701024 ns
[    2.398253] NET: Registered protocol family 2
[    2.404538] TCP established hash table entries: 4096 (order: 3, 32768 bytes)
[    2.407166] TCP bind hash table entries: 4096 (order: 4, 65536 bytes)
[    2.418638] TCP: Hash tables configured (established 4096 bind 4096)
[    2.423275] UDP hash table entries: 256 (order: 1, 8192 bytes)
[    2.429940] UDP-Lite hash table entries: 256 (order: 1, 8192 bytes)
[    2.431715] NET: Registered protocol family 1
[    2.439130] pci 0000:00:00.0: Limiting direct PCI/PCI transfers
[    2.451571] pci 0000:00:01.0: Activating ISA DMA hang workarounds
[    2.458804] Unpacking initramfs...
[    2.682466] Freeing initrd memory: 14800K
[    2.688249] RAPL PMU detected, API unit is 2^-32 Joules, 4 fixed counters 10737418240 ms ovfl timer
[    2.704481] hw unit of domain pp0-core 2^-0 Joules
[    2.707068] hw unit of domain package 2^-0 Joules
[    2.715254] hw unit of domain dram 2^-0 Joules
[    2.720129] hw unit of domain pp1-gpu 2^-0 Joules
[    2.733528] platform rtc_cmos: registered platform RTC device (no PNP device found)
[    2.754059] Scanning for low memory corruption every 60 seconds
[    2.756694] audit: initializing netlink subsys (disabled)
[    2.770100] audit: type=2000 audit(1542760920.243:1): initialized
[    2.778075] Initialise system trusted keyring
[    2.779965] HugeTLB registered 2 MB page size, pre-allocated 0 pages
[    2.783429] zbud: loaded
[    2.787162] VFS: Disk quotas dquot_6.6.0
[    2.789142] VFS: Dquot-cache hash table entries: 512 (order 0, 4096 bytes)
[    2.791563] squashfs: version 4.0 (2009/01/31) Phillip Lougher
[    2.793406] fuse init (API version 7.23)
[    2.794788] Key type big_key registered
[    2.795976] Allocating IMA MOK and blacklist keyrings.
[    2.797711] Key type asymmetric registered
[    2.803672] Asymmetric key parser 'x509' registered
[    2.807935] Block layer SCSI generic (bsg) driver version 0.4 loaded (major 249)
[    2.817273] io scheduler noop registered
[    2.821229] io scheduler deadline registered (default)
[    2.828744] io scheduler cfq registered
[    2.830216] pci_hotplug: PCI Hot Plug PCI Core version: 0.5
[    2.831910] pciehp: PCI Express Hot Plug Controller Driver version: 0.4
[    2.834788] ACPI: AC Adapter [AC] (on-line)
[    2.837540] input: Power Button as /devices/LNXSYSTM:00/LNXPWRBN:00/input/input0
[    2.847197] ACPI: Power Button [PWRF]
[    2.853602] input: Sleep Button as /devices/LNXSYSTM:00/LNXSLPBN:00/input/input1
[    2.871183] ACPI: Sleep Button [SLPF]
[    2.876097] ACPI: Battery Slot [BAT0] (battery present)
[    2.886573] GHES: HEST is not enabled!
[    2.898373] Serial: 8250/16550 driver, 32 ports, IRQ sharing enabled
[    2.927089] 00:02: ttyS0 at I/O 0x3f8 (irq = 4, base_baud = 115200) is a 16550A
[    2.934154] Linux agpgart interface v0.103
[    2.943689] loop: module loaded
[    2.949395] scsi host0: ata_piix
[    2.957082] scsi host1: ata_piix
[    2.958601] ata1: PATA max UDMA/33 cmd 0x1f0 ctl 0x3f6 bmdma 0xd000 irq 14
[    2.961051] ata2: PATA max UDMA/33 cmd 0x170 ctl 0x376 bmdma 0xd008 irq 15
[    2.972784] libphy: Fixed MDIO Bus: probed
[    2.980367] tun: Universal TUN/TAP device driver, 1.6
[    2.983135] tun: (C) 1999-2004 Max Krasnyansky <maxk@qualcomm.com>
[    2.988395] PPP generic driver version 2.4.2
[    2.993020] ehci_hcd: USB 2.0 'Enhanced' Host Controller (EHCI) Driver
[    3.004310] ehci-pci: EHCI PCI platform driver
[    3.013586] ehci-platform: EHCI generic platform driver
[    3.022990] ohci_hcd: USB 1.1 'Open' Host Controller (OHCI) Driver
[    3.032536] ohci-pci: OHCI PCI platform driver
[    3.041569] ohci-platform: OHCI generic platform driver
[    3.049693] uhci_hcd: USB Universal Host Controller Interface driver
[    3.059642] i8042: PNP: PS/2 Controller [PNP0303:PS2K,PNP0f03:PS2M] at 0x60,0x64 irq 1,12
[    3.071615] serio: i8042 KBD port at 0x60,0x64 irq 1
[    3.089890] serio: i8042 AUX port at 0x60,0x64 irq 12
[    3.093213] mousedev: PS/2 mouse device common for all mice
[    3.100092] input: AT Translated Set 2 keyboard as /devices/platform/i8042/serio0/input/input2
[    3.112496] rtc_cmos rtc_cmos: rtc core: registered rtc_cmos as rtc0
[    3.144683] rtc_cmos rtc_cmos: alarms up to one day, 114 bytes nvram
[    3.154536] i2c /dev entries driver
[    3.168806] device-mapper: uevent: version 1.0.3
[    3.179197] device-mapper: ioctl: 4.34.0-ioctl (2015-10-28) initialised: dm-devel@redhat.com
[    3.181878] ledtrig-cpu: registered to indicate activity on CPUs
[    3.183831] NET: Registered protocol family 10
[    3.198554] NET: Registered protocol family 17
[    3.209106] Key type dns_resolver registered
[    3.215778] registered taskstats version 1
[    3.217744] Loading compiled-in X.509 certificates
[    3.253293] Loaded X.509 cert 'Build time autogenerated kernel key: a88b0f663ecfd40e6a501dee2f0b211d51902e35'
[    3.270772] zswap: loaded using pool lzo/zbud
[    3.273724] Key type trusted registered
[    3.276848] Key type encrypted registered
[    3.308466] AppArmor: AppArmor sha1 policy hashing enabled
[    3.328313] ima: No TPM chip found, activating TPM-bypass!
[    3.348555] ima: Allocated hash algorithm: sha1
[    3.350440] evm: HMAC attrs: 0x1
[    3.351881]   Magic number: 10:737:658
[    3.362171] rtc_cmos rtc_cmos: setting system clock to 2018-11-21 00:41:57 UTC (1542760917)
[    3.372789] BIOS EDD facility v0.16 2004-Jun-25, 0 devices found
[    3.381569] EDD information not available.
[    3.392667] Freeing unused kernel memory: 1528K
[    3.409881] Write protecting the kernel read-only data: 14336k
[    3.418768] Freeing unused kernel memory: 1664K
[    3.427568] Freeing unused kernel memory: 92K
Loading, please wait...
[    3.440680] random: udevadm: uninitialized urandom read (16 bytes read, 5 bits of entropy available)
starting version 229
[    3.455726] random: systemd-udevd: uninitialized urandom read (16 bytes read, 5 bits of entropy available)
[    3.472118] random: systemd-udevd: uninitialized urandom read (16 bytes read, 5 bits of entropy available)
[    3.483463] random: udevadm: uninitialized urandom read (16 bytes read, 5 bits of entropy available)
[    3.494661] random: systemd-udevd: uninitialized urandom read (16 bytes read, 5 bits of entropy available)
[    3.511253] random: udevadm: uninitialized urandom read (16 bytes read, 5 bits of entropy available)
[    3.521538] random: systemd-udevd: uninitialized urandom read (16 bytes read, 5 bits of entropy available)
[    3.534824] random: udevadm: uninitialized urandom read (16 bytes read, 5 bits of entropy available)
[    3.539512] random: udevadm: uninitialized urandom read (16 bytes read, 5 bits of entropy available)
[    3.554743] random: systemd-udevd: uninitialized urandom read (16 bytes read, 5 bits of entropy available)
[    3.630550] Fusion MPT base driver 3.04.20
[    3.635750] Copyright (c) 1999-2008 LSI Corporation
[    3.654303] e1000: Intel(R) PRO/1000 Network Driver - version 7.3.21-k8-NAPI
[    3.657663] e1000: Copyright (c) 1999-2006 Intel Corporation.
[    3.689272] AVX2 version of gcm_enc/dec engaged.
[    3.694442] AES CTR mode by8 optimization enabled
[    3.728771] Fusion MPT SPI Host driver 3.04.20
[    3.736182] tsc: Refined TSC clocksource calibration: 3099.134 MHz
[    3.742269] clocksource: tsc: mask: 0xffffffffffffffff max_cycles: 0x2cac161621d, max_idle_ns: 440795345541 ns
[    3.875738] input: ImExPS/2 Generic Explorer Mouse as /devices/platform/i8042/serio1/input/input4
[    4.245169] e1000 0000:00:03.0 eth0: (PCI:33MHz:32-bit) 02:b7:b4:ca:a2:df
[    4.249726] e1000 0000:00:03.0 eth0: Intel(R) PRO/1000 Network Connection
[    4.255336] mptbase: ioc0: Initiating bringup
[    4.331064] ioc0: LSI53C1030 A0: Capabilities={Initiator}
[    4.500252] scsi host2: ioc0: LSI53C1030 A0, FwRev=00000000h, Ports=1, MaxQ=256, IRQ=20
[    4.624572] scsi 2:0:0:0: Direct-Access     VBOX     HARDDISK         1.0  PQ: 0 ANSI: 5
[    4.627820] scsi target2:0:0: Beginning Domain Validation
[    4.630930] scsi target2:0:0: Domain Validation skipping write tests
[    4.644544] scsi target2:0:0: Ending Domain Validation
[    4.654368] scsi target2:0:0: asynchronous
[    4.664782] scsi 2:0:1:0: Direct-Access     VBOX     HARDDISK         1.0  PQ: 0 ANSI: 5
[    4.682500] scsi target2:0:1: Beginning Domain Validation
[    4.751731] scsi target2:0:1: Domain Validation skipping write tests
[    4.762946] scsi target2:0:1: Ending Domain Validation
[    4.792424] scsi target2:0:1: asynchronous
[    4.944904] sd 2:0:0:0: Attached scsi generic sg0 type 0
[    4.955657] sd 2:0:0:0: [sda] 20971520 512-byte logical blocks: (10.7 GB/10.0 GiB)
[    4.991157] sd 2:0:1:0: Attached scsi generic sg1 type 0
[    4.993201] sd 2:0:1:0: [sdb] 20480 512-byte logical blocks: (10.5 MB/10.0 MiB)
[    5.016970] sd 2:0:1:0: [sdb] Write Protect is off
[    5.042749] sd 2:0:0:0: [sda] Write Protect is off
[    5.085555] sd 2:0:1:0: [sdb] Incomplete mode parameter data
[    5.095117] sd 2:0:1:0: [sdb] Assuming drive cache: write through
[    5.154744] sd 2:0:0:0: [sda] Incomplete mode parameter data
[    5.187039] sd 2:0:0:0: [sda] Assuming drive cache: write through
[    5.237649] sd 2:0:1:0: [sdb] Attached SCSI disk
[    5.291602]  sda: sda1
[    5.294635] sd 2:0:0:0: [sda] Attached SCSI disk
[    5.336700] e1000 0000:00:08.0 eth1: (PCI:33MHz:32-bit) 08:00:27:a2:d9:32
[    5.342930] e1000 0000:00:08.0 eth1: Intel(R) PRO/1000 Network Connection
[    5.363514] e1000 0000:00:08.0 enp0s8: renamed from eth1
[    5.384852] e1000 0000:00:03.0 enp0s3: renamed from eth0
Begin: Loading e[    6.690333] md: linear personality registered for level -1
ssential drivers ... [    6.697905] md: multipath personality registered for level -4
[    6.728370] md: raid0 personality registered for level 0
[    6.743852] md: raid1 personality registered for level 1
[    6.821930] raid6: sse2x1   gen()  9707 MB/s
[    6.913870] raid6: sse2x1   xor()  7398 MB/s
[    6.986283] raid6: sse2x2   gen() 12467 MB/s
[    7.060150] raid6: sse2x2   xor()  8425 MB/s
[    7.147938] raid6: sse2x4   gen() 14370 MB/s
[    7.237257] raid6: sse2x4   xor() 10371 MB/s
[    7.314181] raid6: avx2x1   gen() 19062 MB/s
[    7.381839] raid6: avx2x2   gen() 15641 MB/s
[    7.450004] raid6: avx2x4   gen() 15858 MB/s
[    7.508373] raid6: using algorithm avx2x1 gen() 19062 MB/s
[    7.514410] raid6: using avx2x2 recovery algorithm
[    7.542346] xor: automatically using best checksumming function:
[    7.602075]    avx       : 26018.000 MB/sec
[    7.613121] async_tx: api initialized (async)
[    7.627637] md: raid6 personality registered for level 6
[    7.629670] md: raid5 personality registered for level 5
[    7.631417] md: raid4 personality registered for level 4
[    7.638875] md: raid10 personality registered for level 10
done.
Begin: Running /scripts/init-premount ... done.
Begin: Mounting root file system ... Begin: Running /scripts/local-top ... done.
Begin: Running /scripts/local-premount ... [    7.679444] Btrfs loaded
Scanning for Btrfs filesystems
done.
Warning: fsck no[    7.708857] EXT4-fs (sda1): mounted filesystem with ordered data mode. Opts: (null)
t present, so skipping root file system
done.
Begin: Running /scripts/local-bottom ... done.
Begin: Running /scripts/init-bottom ... done.
[    7.792353] systemd[1]: systemd 229 running in system mode. (+PAM +AUDIT +SELINUX +IMA +APPARMOR +SMACK +SYSVINIT +UTMP +LIBCRYPTSETUP +GCRYPT +GNUTLS +ACL +XZ -LZ4 +SECCOMP +BLKID +ELFUTILS +KMOD -IDN)
[    7.871566] systemd[1]: Detected virtualization oracle.
[    7.896305] systemd[1]: Detected architecture x86-64.

Welcome to [1mUbuntu 16.04.5 LTS[0m!

[    7.902468] systemd[1]: Set hostname to <ubuntu>.
[    7.914083] systemd[1]: Initializing machine ID from random generator.
[    7.930887] systemd[1]: Installed transient /etc/machine-id file.
[    8.044970] systemd[1]: Reached target System Time Synchronized.
[[0;32m  OK  [0m] Reached target System Time Synchronized.
[    8.058546] systemd[1]: Started Forward Password Requests to Wall Directory Watch.
[[0;32m  OK  [0m] Started Forward Password Requests to Wall Directory Watch.
[    8.100298] systemd[1]: Created slice User and Session Slice.
[[0;32m  OK  [0m] Created slice User and Session Slice.
[    8.122739] systemd[1]: Listening on /dev/initctl Compatibility Named Pipe.
[[0;32m  OK  [0m] Listening on /dev/initctl Compatibility Named Pipe.
[    8.153209] systemd[1]: Listening on LVM2 metadata daemon socket.
[[0;32m  OK  [0m] Listening on LVM2 metadata daemon socket.
[    8.214823] systemd[1]: Reached target User and Group Name Lookups.
[[0;32m  OK  [0m] Reached target User and Group Name Lookups.
[    8.258938] systemd[1]: Listening on Journal Socket (/dev/log).
[[0;32m  OK  [0m] Listening on Journal Socket (/dev/log).
[    8.314563] systemd[1]: Reached target Swap.
[[0;32m  OK  [0m] Reached target Swap.
[    8.325921] systemd[1]: Started Trigger resolvconf update for networkd DNS.
[[0;32m  OK  [0m] Started Trigger resolvconf update for networkd DNS.
[    8.347976] systemd[1]: Listening on udev Kernel Socket.
[[0;32m  OK  [0m] Listening on udev Kernel Socket.
[    8.378212] systemd[1]: Listening on Journal Socket.
[[0;32m  OK  [0m] Listening on Journal Socket.
[    8.383049] systemd[1]: Listening on Journal Audit Socket.
[[0;32m  OK  [0m] Listening on Journal Audit Socket.
[    8.396798] systemd[1]: Set up automount Arbitrary Executable File Formats File System Automount Point.
[[0;32m  OK  [0m] Set up automount Arbitrary Executab...ats File System Automount Point.
[    8.434130] systemd[1]: Listening on Device-mapper event daemon FIFOs.
[[0;32m  OK  [0m] Listening on Device-mapper event daemon FIFOs.
[    8.466789] systemd[1]: Listening on LVM2 poll daemon socket.
[[0;32m  OK  [0m] Listening on LVM2 poll daemon socket.
[    8.474269] systemd[1]: Reached target Encrypted Volumes.
[[0;32m  OK  [0m] Reached target Encrypted Volumes.
[    8.480499] systemd[1]: Listening on Syslog Socket.
[[0;32m  OK  [0m] Listening on Syslog Socket.
[    8.485335] systemd[1]: Listening on udev Control Socket.
[[0;32m  OK  [0m] Listening on udev Control Socket.
[    8.526757] systemd[1]: Created slice System Slice.
[[0;32m  OK  [0m] Created slice System Slice.
[    8.589064] systemd[1]: Starting Remount Root and Kernel File Systems...
         [    8.616041] EXT4-fs (sda1): re-mounted. Opts: (null)
Starting Remount Root and Kernel File Systems...
[    8.627427] systemd[1]: Mounting Debug File System...
         Mounting Debug File System...
[    8.639947] systemd[1]: Starting Load Kernel Modules...
[    8.682224] random: nonblocking pool is initialized
         Starting Load Kernel Modules...
[    8.712477] systemd[1]: Created slice system-serial\x2dgetty.slice.
[    8.726995] Loading iSCSI transport class v2.0-870.
[[0;32m  OK  [0m] Created slice system-serial\x2dgetty.slice.
[    8.737334] systemd[1]: Mounting Huge Pages File System...
         [    8.746817] iscsi: registered transport (tcp)
Mounting Huge Pages File System...
[    8.778662] systemd[1]: Starting Nameserver information manager...
         Starting Nameserver information [    8.867369] iscsi: registered transport (iser)
manager...
[    8.883048] systemd[1]: Mounting POSIX Message Queue File System...
         Mounting POSIX Message Queue File System...
[    8.896603] systemd[1]: Starting Journal Service...
         Starting Journal Service...
[    8.926970] systemd[1]: Reached target Slices.
[[0;32m  OK  [0m] Reached target Slices.
[    8.935217] systemd[1]: Starting Set console keymap...
         Starting Set console keymap...
[    8.958729] systemd[1]: Starting Uncomplicated firewall...
         Starting Uncomplicated firewall...
[    8.974689] systemd[1]: Starting Monitoring of LVM2 mirrors, snapshots etc. using dmeventd or progress polling...
         Starting Monitoring of LVM2 mirrors... dmeventd or progress polling...
[    9.000526] systemd[1]: Starting Create list of required static device nodes for the current kernel...
         Starting Create list of required st... nodes for the current kernel...
[    9.029970] systemd[1]: Mounted POSIX Message Queue File System.
[[0;32m  OK  [0m] Mounted POSIX Message Queue File System.
[    9.070686] systemd[1]: Mounted Huge Pages File System.
[[0;32m  OK  [0m] Mounted Huge Pages File System.
[    9.090131] systemd[1]: Mounted Debug File System.
[[0;32m  OK  [0m] Mounted Debug File System.
[    9.098155] systemd[1]: Started Journal Service.
[[0;32m  OK  [0m] Started Journal Service.
[[0;32m  OK  [0m] Started Remount Root and Kernel File Systems.
[[0;32m  OK  [0m] Started Load Kernel Modules.
[[0;32m  OK  [0m] Started Set console keymap.
[[0;32m  OK  [0m] Started Uncomplicated firewall.
[[0;32m  OK  [0m] Started Create list of required sta...ce nodes for the current kernel.
[[0;32m  OK  [0m] Started Nameserver information manager.
[[0;32m  OK  [0m] Started LVM2 metadata daemon.
         Starting Create Static Device Nodes in /dev...
         Starting Apply Kernel Variables...
         Mounting FUSE Control File System...
         Starting Load/Save Random Seed...
         Starting udev Coldplug all Devices...
         Starting Flush Journal to Persistent Storage...
[[0;32m  OK  [0m] Mounted FUSE Control File System.
[[0;32m  OK  [0m] Started Create Static Device Nodes in /dev.
[[0;32m  OK  [0m] Started Apply Kernel Variables.
[[0;32m  OK  [0m] Started Load/Save Random Seed.
[[0;32m  OK  [0m] Started udev Coldplug all Devices.
[[0;32m  OK  [0m] Started Flush Journal to Persistent Storage.
         Starting udev Kernel Device Manager...
[[0;32m  OK  [0m] Started udev Kernel Device Manager.
[[0;32m  OK  [0m] Started Dispatch Password Requests to Console Directory Watch.
[[0;32m  OK  [0m] Started Monitoring of LVM2 mirrors,...ng dmeventd or progress polling.
[[0;32m  OK  [0m] Reached target Local File Systems (Pre).
[[0;32m  OK  [0m] Reached target Local File Systems.
         Starting Set console font and keymap...
         Starting Initial cloud-init job (pre-networking)...
         Starting Tell Plymouth To Write Out Runtime Data...
         Starting Create Volatile Files and Directories...
         Starting Commit a transient machine-id on disk...
         Starting LSB: AppArmor initialization...
[[0;32m  OK  [0m] Started Tell Plymouth To Write Out Runtime Data.
[[0;32m  OK  [0m] Started Create Volatile Files and Directories.
[[0;32m  OK  [0m] Started Commit a transient machine-id on disk.
[[0;32m  OK  [0m] Found device /dev/ttyS0.
         Starting Update UTMP about System Boot/Shutdown...
[[0;32m  OK  [0m] Started Update UTMP about System Boot/Shutdown.
[[0;32m  OK  [0m] Listening on Load/Save RF Kill Switch Status /dev/rfkill Watch.
[   10.964963] cloud-init[489]: Cloud-init v. 18.4-0ubuntu1~16.04.2 running 'init-local' at Wed, 21 Nov 2018 00:42:06 +0000. Up 10.18 seconds.
[[0;32m  OK  [0m] Started Initial cloud-init job (pre-networking).
[[0;32m  OK  [0m] Reached target Network (Pre).
[[0;32m  OK  [0m] Started LSB: AppArmor initialization.
         Starting Raise network interfaces...
[[0;32m  OK  [0m] Started Set console font and keymap.
[[0;32m  OK  [0m] Created slice system-getty.slice.
[[0;32m  OK  [0m] Started Raise network interfaces.
[[0;32m  OK  [0m] Reached target Network.
         Starting Initial cloud-init job (metadata service crawler)...
[   13.400826] cloud-init[948]: Cloud-init v. 18.4-0ubuntu1~16.04.2 running 'init' at Wed, 21 Nov 2018 00:42:08 +0000. Up 12.82 seconds.
[   13.427686] cloud-init[948]: ci-info: ++++++++++++++++++++++++++++++++++++++Net device info+++++++++++++++++++++++++++++++++++++++
[   13.448499] cloud-init[948]: ci-info: +--------+-------+----------------------------+---------------+--------+-------------------+
[[0;32m  OK  [0m] Started Initial cloud-init job (metadata service crawler).
[[0;32m  OK  [0m] Reached target Cloud-config availability.
[[0;32m  OK  [0m] Reached target Network is Online.
[   13.483721] cloud-init[948]: ci-info: | Device |   Up  |          Address           |      Mask     | Scope  |     Hw-Address    |
         Starting iSCSI initiator daemon (iscsid)...
[   13.511939] cloud-init[948]: ci-info: +--------+-------+----------------------------+---------------+--------+-------------------+[[0;32m  OK  [0m] Reached target System Initialization.
[[0;32m  OK  [0m] Started Daily Cleanup of Temporary Directories.
[[0;32m  OK  [0m
] Listening on D-Bus System Message Bus Socket.
[[0;32m  OK  [0m[   13.536892] cloud-init] Listening on UUID daemon activation socket.
         Starting LXD - unix socket.
[[0;32m  OK  [0m] Started ACPI Events Check.
[[0;32m  OK  [0m] Reached target Paths.
[[0;32m  OK  [0m] Listening on ACPID Listen Socket.
[948]: ci-info: | enp0s3 |  True |         10.0.2.15          | 255.255.255.0 | global | 02:b7:b4:ca:a2:df |
[[0;32m  OK  [0m] Started Daily apt download activities.
[[0;32m  OK  [0m] Started Daily apt upgrade and clean activities.
[[0;32m  OK  [0m] Reached target Timers.
         Starting Socket activation for snappy daemon.
[   13.607675] cloud-init[948]: ci-info: | enp0s3 |  True | fe80::b7:b4ff:feca:a2df/64 |       .       |  link  | 02:b7:b4:ca:a2:df |
[[0;32m  OK  [0m] Listening on LXD - unix socket.
[   13.713789] cloud-init[948]: ci-info: | enp0s8 | False |             .              |       .       |   .    | 08:00:27:a2:d9:32 |
[[0;32m  OK  [0m] Listening on Socket activation for snappy daemon.
[   13.749843] cloud-init[948]: ci-info: |   lo   |  True |         127.0.0.1          |   255.0.0.0   |  host  |         .         |
[[0;32m  OK  [0m] Started iSCSI initiator daemon (iscsid).
[   13.762888] cloud-init[948]: ci-info: |   lo   |  True |          ::1/128           |       .       |  host  |         .         |
         Starting Login to default iSCSI targets...[   13.784283] cloud-init[948]: ci-info: +--------+-------+----------------------------+---------------+--------+-------------------+
[[0;32m  OK  [0m] Reached target Sockets.
[[0;32m  OK  [0m] Reached target Basic System.

[[0;32m  OK  [0m] Started Regular background program processing daemon.[   13.834221] cloud-init[948]: ci-info: +++++++++++++++++++++++++++Route IPv4 info++++++++++++++++++++++++++++
[   13.838413] cloud-init[948]: ci-info: +-------+-------------+----------+---------------+-----------+-------+
[   13.838713] cloud-init[948]: ci-info: | Route | Destination | Gateway  |    Genmask    | Interface | Flags |
[   13.838913] cloud-init[948]: ci-info: +-------+-------------+----------+---------------+-----------+-------+
[   13.838959] cloud-init[948]: ci-info: |   0   |   0.0.0.0   | 10.0.2.2 |    0.0.0.0    |   enp0s3  |   UG  |
[   13.839040] cloud-init[948]: ci-info: |   1   |   10.0.2.0  | 0.0.0.0  | 255.255.255.0 |   enp0s3  |   U   |
[   13.839264] cloud-init[948]: ci-info: +-------+-------------+----------+---------------+-----------+-------+
[   13.839343] cloud-init[948]: ci-info: +++++++++++++++++++Route IPv6 info+++++++++++++++++++
[   13.839443] cloud-init[948]: ci-info: +-------+-------------+---------+-----------+-------+
[   13.839491] cloud-init[948]: ci-info: | Route | Destination | Gateway | Interface | Flags |
[   13.839584] cloud-init[948]: ci-info: +-------+-------------+---------+-----------+-------+
[   13.839633] cloud-init[948]: ci-info: |   0   |  fe80::/64  |    ::   |   enp0s3  |   U   |

[[0;32m  OK  [0m] Started Deferred execution scheduler.
         [   13.840165] cloud-init[948]: ci-info: |   3   |   ff00::/8  |    ::   |   enp0s3  |   U   |
[   14.100158] cloud-init[948]: ci-info: +-------+-------------+---------+-----------+-------+
[   14.100196] cloud-init[948]: Generating public/private rsa key pair.
[   14.100229] cloud-init[948]: Your identification has been saved in /etc/ssh/ssh_host_rsa_key.
[   14.100260] cloud-init[948]: Your public key has been saved in /etc/ssh/ssh_host_rsa_key.pub.
[   14.100290] cloud-init[948]: The key fingerprint is:
[   14.100327] cloud-init[948]: SHA256:Qt0xyxonGCTApybWh30T4vc8982uby/xet5oAZ63F6A root@ubuntu-xenial
[   14.100357] cloud-init[948]: The key's randomart image is:
[   14.100387] cloud-init[948]: +---[RSA 2048]----+
[   14.100415] cloud-init[948]: | .....o   o      |
[   14.100445] cloud-init[948]: |  . .o = o +     |
[   14.100475] cloud-init[948]: |  .o+ + = =      |
[   14.100504] cloud-init[948]: |..oo = + =  ..   |
[   14.100534] cloud-init[948]: |.o  . + S  ..o.  |
[   14.100564] cloud-init[948]: |       . + Eo +. |
[   14.100592] cloud-init[948]: |          o ..o=.|
[   14.100622] cloud-init[948]: |             .+==|
[   14.100654] cloud-init[948]: |             oBO=|
[   14.100685] cloud-init[948]: +----[SHA256]-----+
[   14.100715] cloud-init[948]: Generating public/private dsa key pair.
[   14.100745] cloud-init[948]: Your identification has been saved in /etc/ssh/ssh_host_dsa_key.
[   14.100774] cloud-init[948]: Your public key has been saved in /etc/ssh/ssh_host_dsa_key.pub.
[   14.100804] cloud-init[948]: The key fingerprint is:
[   14.100836] cloud-init[948]: SHA256:kqw/MjcYT72mQL5gy4havp4hcNuu4lUymBjpmGocGEM root@ubuntu-xenial
[   14.100866] cloud-init[948]: The key's randomart image is:
[   14.100895] cloud-init[948]: +---[DSA 1024]----+
[   14.100924] cloud-init[948]: | E               |
[   14.100954] cloud-init[948]: |..               |
[   14.100983] cloud-init[948]: |=                |
[   14.101013] cloud-init[948]: |==o  . .         |
[   14.101042] cloud-init[948]: |*=.o..+.S        |
[   14.101074] cloud-init[948]: |+..==....        |
[   14.101104] cloud-init[948]: |oo*.==   .       |
[   14.101134] cloud-init[948]: |+B.*++= o        |
[   14.101164] cloud-init[948]: |*+Ooo+o=         |
[   14.101193] cloud-init[948]: +----[SHA256]-----+
[   14.101222] cloud-init[948]: Generating public/private ecdsa key pair.
[   14.101252] cloud-init[948]: Your identification has been saved in /etc/ssh/ssh_host_ecdsa_key.
[   14.101281] cloud-init[948]: Your public key has been saved in /etc/ssh/ssh_host_ecdsa_key.pub.
[   14.101310] cloud-init[948]: The key fingerprint is:
[   14.101339] cloud-init[948]: SHA256:jBW6T3uCpXShLHbv9SVouJXjiFWeUb/pUYdatAM13ow root@ubuntu-xenial
[   14.101367] cloud-init[948]: The key's randomart image is:
[   14.101397] cloud-init[948]: +---[ECDSA 256]---+
[   14.102064] cloud-init[948]: |        .     o  |
[   14.102109] cloud-init[948]: |       . .   o = |
[   14.102140] cloud-init[948]: |      . o   o E o|
[   14.102168] cloud-init[948]: |     . * . . + o |
[   14.102197] cloud-init[948]: |    o B S o   * o|
[   14.102225] cloud-init[948]: |   . + O = = o =.|
[   14.102254] cloud-init[948]: |      o B @ o =  |
[   14.102282] cloud-init[948]: |       + X o + . |
[   14.102310] cloud-init[948]: |      . + . . .  |
[   14.102337] cloud-init[948]: +----[SHA256]-----+
[   14.102365] cloud-init[948]: Generating public/private ed25519 key pair.
[   14.102393] cloud-init[948]: Your identification has been saved in /etc/ssh/ssh_host_ed25519_key.
[   14.102424] cloud-init[948]: Your public key has been saved in /etc/ssh/ssh_host_ed25519_key.pub.
[   14.102453] cloud-init[948]: The key fingerprint is:
[   14.102480] cloud-init[948]: SHA256:K1AqRGKifYOF3kTvHQEr9/YqITD/Yv20Bb9DcR+DXGE root@ubuntu-xenial
[   14.102508] cloud-init[948]: The key's randomart image is:
[   14.102535] cloud-init[948]: +--[ED25519 256]--+
[   14.102562] cloud-init[948]: |o..oo ...     E. |
[   14.102590] cloud-init[948]: |++.o.. . .   ..  |
[   14.102875] cloud-init[948]: Starting /etc/rc.local Compatibility...
[[0;32m  OK  [0m] Started D-Bus System Message Bus.
|..+o+ = .  . o   |
[   14.692421] cloud-init[948]: | .+..B o .. + o  |
[   14.701870] cloud-init[948]: |  .+o . S  o . o |
         Starting System Logging Service...
         Starting Login Service...
         Starting Accounts Service...
[[0;32m  OK  [0m] Started ACPI event daemon.
[[0;32m  OK  [0m] Started Unattended Upgrades Shutdown.
         Starting Virtualbox guest utils...
[[0;32m  OK  [0m] Started FUSE filesystem for LXC.
         Starting Snappy daemon...
         Starting LSB: MD monitoring daemon...
         Starting Pollinate to seed the pseudo random number generator...
[   14.738895] cloud-init[948]: |   .o... =.   .  |
         Starting LSB: Record successful boot for GRUB...
         Starting LXD - container startup/shutdown...
[[0;32m  OK  [0m] Started System Logging Service.
[[0;32m  OK  [0m] Started /etc/rc.local Compatibility.
[   14.871824] cloud-init[948]: |     +..o.+      |
[   14.941315] cloud-init[948]: |    o +o +..     |
[   14.997810] cloud-init[948]: |   . . o+ ..     |
[   15.109560] cloud-init[948]: +----[SHA256]-----+
[[0;32m  OK  [0m] Started Login to default iSCSI targets.
[[0;32m  OK  [0m] Started LSB: MD monitoring daemon.
         Starting Authenticate and Authorize Users to Run Privileged Tasks...
[[0;32m  OK  [0m] Reached target Remote File Systems (Pre).
[[0;32m  OK  [0m] Reached target Remote File Systems.
         Starting LSB: Set the CPU Frequency Scaling governor to "ondemand"...
         Starting Permit User Sessions...
         Starting LSB: automatic crash report generation...
         Starting LSB: daemon to balance interrupts for SMP systems...
[[0;32m  OK  [0m] Started Permit User Sessions.
[[0;32m  OK  [0m] Started Login Service.
[[0;32m  OK  [0m] Started LSB: Record successful boot for GRUB.
[[0;32m  OK  [0m] Started LSB: Set the CPU Frequency Scaling governor to "ondemand".
[[0;32m  OK  [0m] Started Authenticate and Authorize Users to Run Privileged Tasks.
[[0;32m  OK  [0m] Started Accounts Service.
[[0;32m  OK  [0m] Started LXD - container startup/shutdown.
         Starting Terminate Plymouth Boot Screen...
         Starting Hold until boot process finishes up...
[[0;32m  OK  [0m] Started Terminate Plymouth Boot Screen.
[[0;32m  OK  [0m] Started Hold until boot process finishes up.
[[0;32m  OK  [0m] Started LSB: automatic crash report generation.
[[0;32m  OK  [0m] Started Virtualbox guest utils.
[[0;32m  OK  [0m] Started LSB: daemon to balance interrupts for SMP systems.
[[0;32m  OK  [0m] Started Snappy daemon.
         Starting Wait until snapd is fully seeded...
[[0;32m  OK  [0m] Started Serial Getty on ttyS0.
[[0;32m  OK  [0m] Started Getty on tty1.
[[0;32m  OK  [0m] Reached target Login Prompts.
         Starting Set console scheme...
[[0;32m  OK  [0m] Started Set console scheme.
[[0;32m  OK  [0m] Started Pollinate to seed the pseudo random number generator.
         Starting OpenBSD Secure Shell server...
[[0;32m  OK  [0m] Started OpenBSD Secure Shell server.
[[0;32m  OK  [0m] Created slice User Slice of vagrant.
         Starting User Manager for UID 1000...
[[0;32m  OK  [0m] Started Session 1 of user vagrant.
[[0;32m  OK  [0m] Started User Manager for UID 1000.
[[0;32m  OK  [0m] Started Session 2 of user vagrant.
         Starting Hostname Service...
[[0;32m  OK  [0m] Started Hostname Service.

Ubuntu 16.04.5 LTS ca ttyS0

ca login: [   22.497653] cloud-init[1744]: Generating locales (this might take a while)...
[   23.541117] cloud-init[1744]:   en_US.UTF-8... done
[   23.544938] cloud-init[1744]: Generation complete.
[   23.810109] cloud-init[1744]: Cloud-init v. 18.4-0ubuntu1~16.04.2 running 'modules:config' at Wed, 21 Nov 2018 00:42:18 +0000. Up 22.27 seconds.
ci-info: no authorized ssh keys fingerprints found for user ubuntu.
<14>Nov 21 00:42:20 ec2: 
<14>Nov 21 00:42:20 ec2: #############################################################
<14>Nov 21 00:42:20 ec2: -----BEGIN SSH HOST KEY FINGERPRINTS-----
<14>Nov 21 00:42:20 ec2: 1024 SHA256:kqw/MjcYT72mQL5gy4havp4hcNuu4lUymBjpmGocGEM root@ubuntu-xenial (DSA)
<14>Nov 21 00:42:20 ec2: 256 SHA256:jBW6T3uCpXShLHbv9SVouJXjiFWeUb/pUYdatAM13ow root@ubuntu-xenial (ECDSA)
<14>Nov 21 00:42:20 ec2: 256 SHA256:K1AqRGKifYOF3kTvHQEr9/YqITD/Yv20Bb9DcR+DXGE root@ubuntu-xenial (ED25519)
<14>Nov 21 00:42:20 ec2: 2048 SHA256:Qt0xyxonGCTApybWh30T4vc8982uby/xet5oAZ63F6A root@ubuntu-xenial (RSA)
<14>Nov 21 00:42:20 ec2: -----END SSH HOST KEY FINGERPRINTS-----
<14>Nov 21 00:42:20 ec2: #############################################################
-----BEGIN SSH HOST KEY KEYS-----
ecdsa-sha2-nistp256 AAAAE2VjZHNhLXNoYTItbmlzdHAyNTYAAAAIbmlzdHAyNTYAAABBBNLaKytDIWlewsuWPwiIFcmuNry9SOUxUgGIa4m7JFPpNqh85UF7v5dSRxTkA2XI46fFJTVAMQhv6ByeUX+6G3g= root@ubuntu-xenial
ssh-ed25519 AAAAC3NzaC1lZDI1NTE5AAAAIEPb2QzPkCgjjqciRPfMiYc7z0rldpL5pckpOmyHb0YU root@ubuntu-xenial
ssh-rsa AAAAB3NzaC1yc2EAAAADAQABAAABAQDJV8ZSPr61/JoFF/2i8WYyMuw+x3/Z1VnkRf+4uMLOtF+B/lKDAeDBYZfj7Rgr14Lb5ofhBJpfkBSoC99MzqeN3t/LglGBDp1qmkJb8V7BfwUWMnLujnGkgcNIWFUShc2UhxagN+RmK2ypvEsyxnqhL5QNxg7KoWlUWxAyVKg0Wrl0C306tpNbhg/r/xO2qUvNpmnk5NZlZV7ibbvMOCFvwNxoBUH9ZNjezM4dAXRTc3Pby647sA6XDW787ShRqXrqOtmq9AZfqtu+eYkR6UBKYg60EzIjHi6IVcMrE+L80QSVvfBnBHj+gMAy5WsdXt41SezlAzPE8zdx9hVtYvKt root@ubuntu-xenial
-----END SSH HOST KEY KEYS-----
[   24.256433] cloud-init[1892]: Cloud-init v. 18.4-0ubuntu1~16.04.2 running 'modules:final' at Wed, 21 Nov 2018 00:42:20 +0000. Up 24.14 seconds.
[   24.256592] cloud-init[1892]: ci-info: no authorized ssh keys fingerprints found for user ubuntu.
[   24.256679] cloud-init[1892]: Cloud-init v. 18.4-0ubuntu1~16.04.2 finished at W         Stopping ACPI event daemon...
        [[0;32m  OK  [0m] Stopped target Cloud-init target.
[[0;32m  OK  [0m] Stopped Execute cloud user/final scripts.
[[0;32m  OK  [0m] Stopped Apply the set         Stopping Session 2 of user vagrant.
         Stopping Authenticate and Authorize Users to Run Privileged Tasks...
[[0;32m  OK  [0m] Stopped target Cloud-init target.
[[0;32m  OK  [0m] Closed Load/Save RF Kill Switch Status /dev/rfkill Watch.
[[0;32m  OK  [0m] Stopped Execute cl         Stopping D-Bus System Message Bus...
         Stopping Deferred execution scheduler...
         Stopping LSB: daemon to balance interrupts for SMP systems...
         Stopping Virtualbox guest utils...
[[0;32m  OK  [0m] Stopped Wait until snapd is fully seeded.
         Stopping Snappy daemon...
         Stopping LXD - container startup/shutdown...
         Stopping Accounts Service...
[[0;32m  OK  [0m] Unmounted /var/lib/lxcfs.
[[0;32m  OK  [0m] Stopped Deferred execution scheduler.
[[0;32m  OK  [0m] Stopped System Logging Service.
[[0;32m  OK  [0m] Stopped ACPI event daemon.
[[0;32m  OK  [0m] Stopped Accounts Service.
[[0;32m  OK  [0m] Stopped Regular background program processing daemon.
[[0;32m  OK  [0m] Stopped Snappy daemon.
[[0;32m  OK  [0m] Stopped Authenticate and Authorize Users to Run Privileged Tasks.
[[0;32m  OK  [0m] Stopped Getty on tty1.
[[0;32m  OK  [0m] Stopped Serial Getty on ttyS0.
[[0;32m  OK  [0m] Stopped OpenBSD Secure Shell server.
[[0;32m  OK  [0m] Stopped User Manager for UID 1000.
[[0;32m  OK  [0m] Stopped Session 2 of user vagrant.
[[0;32m  OK  [0m] Stopped Session 3 of user vagrant.
[[0;32m  OK  [0m] Stopped Unattended Upgrades Shutdown.
[[0;32m  OK  [0m] Stopped D-Bus System Message Bus.
[[0;32m  OK  [0m] Stopped FUSE filesystem for LXC.
[[0;32m  OK  [0m] Stopped LXD - container startup/shutdown.
[[0;32m  OK  [0m] Stopped Apache Zookeeper server.
[[0;32m  OK  [0m] Stopped LSB: daemon to balance interrupts for SMP systems.
[[0;32m  OK  [0m] Stopped Virtualbox guest utils.
[[0;32m  OK  [0m] Stopped LSB: automatic crash report generation.
[[0;32m  OK  [0m] Stopped LSB: Record successful boot for GRUB.
[[0;32m  OK  [0m] Stopped LSB: Set the CPU Frequency Scaling governor to "ondemand".
[[0;32m  OK  [0m] Stopped LSB: MD monitoring daemon.
[[0;32m  OK  [0m] Removed slice User Slice of vagrant.
         Stopping Login Service...
[[0;32m  OK  [0m] Removed slice system-serial\x2dgetty.slice.
         Stopping Permit User Sessions...
[[0;32m  OK  [0m] Removed slice system-getty.slice.
[[0;32m  OK  [0m] Stopped /etc/rc.local Compatibility.
[[0;32m  OK  [0m] Stopped Login Service.
[[0;32m  OK  [0m] Stopped Permit User Sessions.
[[0;32m  OK  [0m] Stopped target Remote File Systems.
[[0;32m  OK  [0m] Stopped target Remote File Systems (Pre).
         Stopping Login to default iSCSI targets...
[[0;32m  OK  [0m] Stopped target Basic System.
[[0;32m  OK  [0m] Stopped target Sockets.
[[0;32m  OK  [0m] Closed UUID daemon activation socket.
[[0;32m  OK  [0m] Closed Syslog Socket.
[[0;32m  OK  [0m] Closed Socket activation for snappy daemon.
[[0;32m  OK  [0m] Closed ACPID Listen Socket.
[[0;32m  OK  [0m] Closed LXD - unix socket.
[[0;32m  OK  [0m] Stopped target Paths.
[[0;32m  OK  [0m] Stopped ACPI Events Check.
[[0;32m  OK  [0m] Stopped Forward Password Requests to Wall Directory Watch.
[[0;32m  OK  [0m] Stopped Dispatch Password Requests to Console Directory Watch.
[[0;32m  OK  [0m] Stopped target Slices.
[[0;32m  OK  [0m] Removed slice User and Session Slice.
[[0;32m  OK  [0m] Stopped target User and Group Name Lookups.
[[0;32m  OK  [0m] Closed D-Bus System Message Bus Socket.
[[0;32m  OK  [0m] Stopped target System Initialization.
         Stopping Update UTMP about System Boot/Shutdown...
         Stopping Load/Save Random Seed...
[[0;32m  OK  [0m] Stopped target Swap.
[[0;32m  OK  [0m] Stopped Commit a transient machine-id on disk.
[[0;32m  OK  [0m] Stopped target Encrypted Volumes.
[[0;32m  OK  [0m] Stopped Load/Save Random Seed.
[[0;32m  OK  [0m] Stopped Login to default iSCSI targets.
[[0;32m  OK  [0m] Stopped Update UTMP about System Boot/Shutdown.
[[0;32m  OK  [0m] Stopped Create Volatile Files and Directories.
         Stopping iSCSI initiator daemon (iscsid)...
[[0;32m  OK  [0m] Stopped iSCSI initiator daemon (iscsid).
[[0;32m  OK  [0m] Stopped target Network is Online.
[[0;32m  OK  [0m] Stopped target Network.
[[0;32m  OK  [0m] Stopped Initial cloud-init job (metadata service crawler).
         Stopping Raise network interfaces...
[[0;32m  OK  [0m] Stopped Raise network interfaces.
[[0;32m  OK  [0m] Stopped target Network (Pre).
[[0;32m  OK  [0m] Stopped Initial cloud-init job (pre-networking).
[[0;32m  OK  [0m] Stopped Apply Kernel Variables.
[[0;32m  OK  [0m] Stopped Load Kernel Modules.
[[0;32m  OK  [0m] Stopped target Local File Systems.
         Unmounting /vagrant...
         Unmounting /run/user/1000...
[[0;32m  OK  [0m] Unmounted /vagrant.
[[0;32m  OK  [0m] Unmounted /run/user/1000.
[[0;32m  OK  [0m] Reached target Unmount All Filesystems.
[[0;32m  OK  [0m] Stopped target Local File Systems (Pre).
[[0;32m  OK  [0m] Stopped Create Static Device Nodes in /dev.
[[0;32m  OK  [0m] Stopped Remount Root and Kernel File Systems.
[[0;32m  OK  [0m] Reached target Shutdown.
[ 1801.725931] reboot: Power down
    Stopping iSCSI initiator daemon (iscsid)...
[[0;32m  OK  [0m] Stopped Create Volatile Files and Directories.
[[0;32m  OK  [0m] Stopped iSCSI initiator daemon (iscsid).
[[0;32m  OK  [0m] Stopped target Network is Online.
[[0;32m  OK  [0m] Stopped Initial cloud-init job (metadata service crawler).
[[0;32m  OK  [0m] Stopped target Network.
         Stopping Raise network interfaces...
[[0;32m  OK  [0m] Stopped Raise network interfaces.
[[0;32m  OK  [0m] Stopped Apply Kernel Variables.
[[0;32m  OK  [0m] Stopped Load Kernel Modules.
[[0;32m  OK  [0m] Stopped target Local File Systems.
         Unmounting /vagrant...
         Unmounting /run/user/1000...
[[0;32m  OK  [0m] Stopped target Network (Pre).
[[0;32m  OK  [0m] Stopped Initial cloud-init job (pre-networking).
[[0;32m  OK  [0m] Unmounted /vagrant.
[[0;32m  OK  [0m] Unmounted /run/user/1000.
[[0;32m  OK  [0m] Reached target Unmount All Filesystems.
[[0;32m  OK  [0m] Stopped target Local File Systems (Pre).
[[0;32m  OK  [0m] Stopped Create Static Device Nodes in /dev.
[[0;32m  OK  [0m] Stopped Remount Root and Kernel File Systems.
[[0;32m  OK  [0m] Reached target Shutdown.
[ 1549.276756] reboot: Power down
